// Jest Snapshot v1, https://goo.gl/fbAQLP

exports[`renders correctly 1`] = `
<div
  className="homePage"
>
  <h2>
    Welcome to our page!
  </h2>
  <p>
    Here, we aim to make math a fun and enjoyable experience for everyone. Whether you're a student struggling with algebra or a math enthusiast looking for a challenge, our website has something for you.
  </p>
  <p>
    One of the main features of our website is our calculator. Our calculator is designed to handle basic arithmetic functions. It's user-friendly and can help you solve problems quickly and accurately.
  </p>
  <p>
    In addiion to our calculator, we also have a section on our website dedicated to happiness quotes. We believe that math can be inspirational and thought-provoking, and we've gathered some of the best quotes to share with our visitors. These quotes are perfect for anyone looking for a little extra motivation or inspiration to tackle a difficult math problem.
  </p>
  <p>
    So whether you're looking to solve a tricky math equation or just need a little inspiration, the Math Magician website is here to help. Thank you for visiting, and we hope you enjoy your time here!
  </p>
</div>
`;
